components/Auth.tsx(55,13): error TS2339: Property 'errors' does not exist on type 'ZodError<unknown>'.
components/Auth.tsx(62,17): error TS2339: Property 'errors' does not exist on type 'ZodError<unknown>'.
components/Auth.tsx(63,27): error TS2339: Property 'errors' does not exist on type 'ZodError<unknown>'.
components/notes/AIBubbleMenu.tsx(3,10): error TS2305: Module '"@tiptap/react"' has no exported member 'BubbleMenu'.
components/notes/NotesSidebar.tsx(353,34): error TS2304: Cannot find name 'Hash'.
components/Profile.tsx(24,16): error TS2339: Property 'success' does not exist on type 'Promise<{ success: boolean; message?: string; }>'.
components/Profile.tsx(30,48): error TS2339: Property 'message' does not exist on type 'Promise<{ success: boolean; message?: string; }>'.
