components/flashcards/Dashboard.tsx(296,29): error TS2322: Type '{ hidden: { opacity: number; y: number; scale: number; }; visible: { opacity: number; y: number; scale: number; transition: { type: string; stiffness: number; damping: number; }; }; }' is not assignable to type 'Variants'.
  Property 'visible' is incompatible with index signature.
    Type '{ opacity: number; y: number; scale: number; transition: { type: string; stiffness: number; damping: number; }; }' is not assignable to type 'Variant'.
      Type '{ opacity: number; y: number; scale: number; transition: { type: string; stiffness: number; damping: number; }; }' is not assignable to type 'TargetAndTransition'.
        Type '{ opacity: number; y: number; scale: number; transition: { type: string; stiffness: number; damping: number; }; }' is not assignable to type '{ transition?: Transition<any>; transitionEnd?: ResolvedValues; }'.
          Types of property 'transition' are incompatible.
            Type '{ type: string; stiffness: number; damping: number; }' is not assignable to type 'Transition<any>'.
              Type '{ type: string; stiffness: number; damping: number; }' is not assignable to type 'TransitionWithValueOverrides<any>'.
                Type '{ type: string; stiffness: number; damping: number; }' is not assignable to type 'ValueAnimationTransition<any>'.
                  Types of property 'type' are incompatible.
                    Type 'string' is not assignable to type 'AnimationGeneratorType'.
components/flashcards/Dashboard.tsx(361,29): error TS2322: Type '{ hidden: { opacity: number; y: number; scale: number; }; visible: { opacity: number; y: number; scale: number; transition: { type: string; stiffness: number; damping: number; }; }; }' is not assignable to type 'Variants'.
  Property 'visible' is incompatible with index signature.
    Type '{ opacity: number; y: number; scale: number; transition: { type: string; stiffness: number; damping: number; }; }' is not assignable to type 'Variant'.
      Type '{ opacity: number; y: number; scale: number; transition: { type: string; stiffness: number; damping: number; }; }' is not assignable to type 'TargetAndTransition'.
        Type '{ opacity: number; y: number; scale: number; transition: { type: string; stiffness: number; damping: number; }; }' is not assignable to type '{ transition?: Transition<any>; transitionEnd?: ResolvedValues; }'.
          Types of property 'transition' are incompatible.
            Type '{ type: string; stiffness: number; damping: number; }' is not assignable to type 'Transition<any>'.
              Type '{ type: string; stiffness: number; damping: number; }' is not assignable to type 'TransitionWithValueOverrides<any>'.
                Type '{ type: string; stiffness: number; damping: number; }' is not assignable to type 'ValueAnimationTransition<any>'.
                  Types of property 'type' are incompatible.
                    Type 'string' is not assignable to type 'AnimationGeneratorType'.
components/notes/NotesEditor.tsx(244,52): error TS2339: Property 'markdown' does not exist on type 'Storage'.
components/notes/NotesEditor.tsx(286,52): error TS2339: Property 'markdown' does not exist on type 'Storage'.
components/Tutors.tsx(87,7): error TS2740: Type '{ getHistory: () => Promise<any[]>; sendMessage: (message: string) => Promise<{ response: { text: () => any; }; }>; }' is missing the following properties from type 'Chat': apiClient, modelsModule, model, config, and 5 more.
components/Tutors.tsx(115,9): error TS2740: Type '{ getHistory: () => Promise<any[]>; sendMessage: (message: string) => Promise<{ response: { text: () => any; }; }>; }' is missing the following properties from type 'Chat': apiClient, modelsModule, model, config, and 5 more.
components/Tutors.tsx(119,9): error TS2740: Type '{ getHistory: () => Promise<any[]>; sendMessage: (message: string) => Promise<{ response: { text: () => any; }; }>; }' is missing the following properties from type 'Chat': apiClient, modelsModule, model, config, and 5 more.
services/aiService.ts(3,111): error TS2305: Module '"../types"' has no exported member 'Content'.
